#
# There is insufficient memory for the Java Runtime Environment to continue.
# Native memory allocation (malloc) failed to allocate 96016 bytes. Error detail: Chunk::new
# Possible reasons:
#   The system is out of physical RAM or swap space
#   This process is running with CompressedOops enabled, and the Java Heap may be blocking the growth of the native heap
# Possible solutions:
#   Reduce memory load on the system
#   Increase physical memory or swap space
#   Check if swap backing store is full
#   Decrease Java heap size (-Xmx/-Xms)
#   Decrease number of Java threads
#   Decrease Java thread stack sizes (-Xss)
#   Set larger code cache with -XX:ReservedCodeCacheSize=
#   JVM is running with Unscaled Compressed Oops mode in which the Java heap is
#     placed in the first 4GB address space. The Java Heap base address is the
#     maximum limit for the native heap growth. Please use -XX:HeapBaseMinAddress
#     to set the Java Heap base and to place the Java Heap above 4GB virtual address.
# This output file may be truncated or incomplete.
#
#  Out of Memory Error (arena.cpp:168), pid=25288, tid=19512
#
# JRE version: OpenJDK Runtime Environment Temurin-21.0.10+7 (21.0.10+7) (build 21.0.10+7-LTS)
# Java VM: OpenJDK 64-Bit Server VM Temurin-21.0.10+7 (21.0.10+7-LTS, mixed mode, sharing, tiered, compressed oops, compressed class ptrs, parallel gc, windows-amd64)
# No core dump will be written. Minidumps are not enabled by default on client versions of Windows
#

---------------  S U M M A R Y ------------

Command Line: --add-modules=ALL-SYSTEM --add-opens=java.base/java.util=ALL-UNNAMED --add-opens=java.base/java.lang=ALL-UNNAMED --add-opens=java.base/sun.nio.fs=ALL-UNNAMED -Declipse.application=org.eclipse.jdt.ls.core.id1 -Dosgi.bundles.defaultStartLevel=4 -Declipse.product=org.eclipse.jdt.ls.core.product -Djava.import.generatesMetadataFilesAtProjectRoot=false -DDetectVMInstallationsJob.disabled=true -Dfile.encoding=utf8 -XX:+UseParallelGC -XX:GCTimeRatio=4 -XX:AdaptiveSizePolicyWeight=90 -Dsun.zip.disableMemoryMapping=true -Xmx2G -Xms100m -Xlog:disable -javaagent:c:\Users\Richard jay\.vscode\extensions\redhat.java-1.54.0-win32-x64\lombok\lombok-1.18.39-4050.jar c:\Users\Richard jay\.vscode\extensions\redhat.java-1.54.0-win32-x64\server\plugins\org.eclipse.equinox.launcher_1.7.100.v20251111-0406.jar -configuration c:\Users\Richard jay\AppData\Roaming\Code\User\globalStorage\redhat.java\1.54.0\config_ss_win -data c:\Users\Richard jay\AppData\Roaming\Code\User\workspaceStorage\28c40d424b964ce3c77939217bf405db\redhat.java\ss_ws --pipe=\\.\pipe\lsp-31c60cbfe9167060a982001fd6d04ec2-sock

Host: Intel(R) Core(TM) i5-8265U CPU @ 1.60GHz, 8 cores, 7G,  Windows 11 , 64 bit Build 22000 (10.0.22000.120)
Time: Mon May 25 19:24:36 2026 W. Central Africa Standard Time elapsed time: 3.220393 seconds (0d 0h 0m 3s)

---------------  T H R E A D  ---------------

Current thread (0x0000025fdf52a060):  JavaThread "C2 CompilerThread0" daemon [_thread_in_native, id=19512, stack(0x0000008251900000,0x0000008251a00000) (1024K)]


Current CompileTask:
C2:3220  693       4       lombok.patcher.scripts.MethodLevelPatchScript::patch (21 bytes)

Stack: [0x0000008251900000,0x0000008251a00000]
Native frames: (J=compiled Java code, j=interpreted, Vv=VM code, C=native code)
V  [jvm.dll+0x6d7a39]
V  [jvm.dll+0x8b4b26]
V  [jvm.dll+0x8b70de]
V  [jvm.dll+0x8b77c3]
V  [jvm.dll+0x284346]
V  [jvm.dll+0xc66ed]
V  [jvm.dll+0xc6c31]
V  [jvm.dll+0x3bec01]
V  [jvm.dll+0x1e396e]
V  [jvm.dll+0x24c6b3]
V  [jvm.dll+0x24bb40]
V  [jvm.dll+0x1cb34e]
V  [jvm.dll+0x25b85d]
V  [jvm.dll+0x259dea]
V  [jvm.dll+0x3f857e]
V  [jvm.dll+0x85f59d]
V  [jvm.dll+0x6d626d]
C  [ucrtbase.dll+0x26c0c]
C  [KERNEL32.DLL+0x154e0]
C  [ntdll.dll+0x485b]


---------------  P R O C E S S  ---------------

Threads class SMR info:
_java_thread_list=0x0000025ff7b1bc70, length=11, elements={
0x0000025fdf5aeda0, 0x0000025fdf51f6c0, 0x0000025fdf520b70, 0x0000025fdf527300,
0x0000025fdf527d60, 0x0000025fdf5287c0, 0x0000025fdf529220, 0x0000025fdf52a060,
0x0000025fdf5601c0, 0x0000025ff79f6b20, 0x0000025ff7a71930
}

Java Threads: ( => current thread )
  0x0000025fdf5aeda0 JavaThread "main"                              [_thread_in_Java, id=23176, stack(0x0000008250f00000,0x0000008251000000) (1024K)]
  0x0000025fdf51f6c0 JavaThread "Reference Handler"          daemon [_thread_blocked, id=22340, stack(0x0000008251300000,0x0000008251400000) (1024K)]
  0x0000025fdf520b70 JavaThread "Finalizer"                  daemon [_thread_blocked, id=19812, stack(0x0000008251400000,0x0000008251500000) (1024K)]
  0x0000025fdf527300 JavaThread "Signal Dispatcher"          daemon [_thread_blocked, id=4448, stack(0x0000008251500000,0x0000008251600000) (1024K)]
  0x0000025fdf527d60 JavaThread "Attach Listener"            daemon [_thread_blocked, id=12108, stack(0x0000008251600000,0x0000008251700000) (1024K)]
  0x0000025fdf5287c0 JavaThread "Service Thread"             daemon [_thread_blocked, id=3832, stack(0x0000008251700000,0x0000008251800000) (1024K)]
  0x0000025fdf529220 JavaThread "Monitor Deflation Thread"   daemon [_thread_blocked, id=27572, stack(0x0000008251800000,0x0000008251900000) (1024K)]
=>0x0000025fdf52a060 JavaThread "C2 CompilerThread0"         daemon [_thread_in_native, id=19512, stack(0x0000008251900000,0x0000008251a00000) (1024K)]
  0x0000025fdf5601c0 JavaThread "C1 CompilerThread0"         daemon [_thread_in_native, id=6812, stack(0x0000008251a00000,0x0000008251b00000) (1024K)]
  0x0000025ff79f6b20 JavaThread "Common-Cleaner"             daemon [_thread_blocked, id=23692, stack(0x0000008251b00000,0x0000008251c00000) (1024K)]
  0x0000025ff7a71930 JavaThread "Notification Thread"        daemon [_thread_blocked, id=4200, stack(0x0000008251c00000,0x0000008251d00000) (1024K)]
Total: 11

Other Threads:
  0x0000025fdf5045c0 VMThread "VM Thread"                           [id=28664, stack(0x0000008251200000,0x0000008251300000) (1024K)]
  0x0000025fdf3f19e0 WatcherThread "VM Periodic Task Thread"        [id=19364, stack(0x0000008251100000,0x0000008251200000) (1024K)]
  0x0000025fdf5cd830 WorkerThread "GC Thread#0"                     [id=24824, stack(0x0000008251000000,0x0000008251100000) (1024K)]
Total: 3

Threads with active compile tasks:
C2 CompilerThread0  3257  693       4       lombok.patcher.scripts.MethodLevelPatchScript::patch (21 bytes)
C1 CompilerThread0  3257  876       3       java.lang.invoke.MethodHandleStatics::dumper (4 bytes)
Total: 2

VM state: not at safepoint (normal execution)

VM Mutex/Monitor currently owned by a thread: None

Heap address: 0x0000000080000000, size: 2048 MB, Compressed Oops mode: 32-bit

CDS archive(s) mapped at: [0x0000025f80000000-0x0000025f80ba0000-0x0000025f80ba0000), size 12189696, SharedBaseAddress: 0x0000025f80000000, ArchiveRelocationMode: 1.
Compressed class space mapped at: 0x0000025f81000000-0x0000025fc1000000, reserved size: 1073741824
Narrow klass base: 0x0000025f80000000, Narrow klass shift: 0, Narrow klass range: 0x100000000

GC Precious Log:
 CardTable entry size: 512
 CPUs: 8 total, 8 available
 Memory: 8006M
 Large Page Support: Disabled
 NUMA Support: Disabled
 Compressed Oops: Enabled (32-bit)
 Alignments: Space 512K, Generation 512K, Heap 2M
 Heap Min Capacity: 100M
 Heap Initial Capacity: 100M
 Heap Max Capacity: 2G
 Pre-touch: Disabled
 Parallel Workers: 8

Heap:
 PSYoungGen      total 29696K, used 16704K [0x00000000d5580000, 0x00000000d7680000, 0x0000000100000000)
  eden space 25600K, 65% used [0x00000000d5580000,0x00000000d65d0248,0x00000000d6e80000)
  from space 4096K, 0% used [0x00000000d7280000,0x00000000d7280000,0x00000000d7680000)
  to   space 4096K, 0% used [0x00000000d6e80000,0x00000000d6e80000,0x00000000d7280000)
 ParOldGen       total 68608K, used 0K [0x0000000080000000, 0x0000000084300000, 0x00000000d5580000)
  object space 68608K, 0% used [0x0000000080000000,0x0000000080000000,0x0000000084300000)
 Metaspace       used 3283K, committed 3456K, reserved 1114112K
  class space    used 349K, committed 448K, reserved 1048576K

Card table byte_map: [0x0000025fdef60000,0x0000025fdf370000] _byte_map_base: 0x0000025fdeb60000

Marking Bits: (ParMarkBitMap*) 0x00007ffea67b3450
 Begin Bits: [0x0000025ff1a70000, 0x0000025ff3a70000)
 End Bits:   [0x0000025ff3a70000, 0x0000025ff5a70000)

Polling page: 0x0000025fdd340000

Metaspace:

Usage:
  Non-class:      2.87 MB used.
      Class:    349.07 KB used.
       Both:      3.21 MB used.

Virtual space:
  Non-class space:       64.00 MB reserved,       2.94 MB (  5%) committed,  1 nodes.
      Class space:        1.00 GB reserved,     448.00 KB ( <1%) committed,  1 nodes.
             Both:        1.06 GB reserved,       3.38 MB ( <1%) committed. 

Chunk freelists:
   Non-Class:  11.51 MB
       Class:  15.50 MB
        Both:  27.01 MB

MaxMetaspaceSize: unlimited
CompressedClassSpaceSize: 1.00 GB
Initial GC threshold: 21.00 MB
Current GC threshold: 21.00 MB
CDS: on
 - commit_granule_bytes: 65536.
 - commit_granule_words: 8192.
 - virtual_space_node_default_size: 8388608.
 - enlarge_chunks_in_place: 1.
 - use_allocation_guard: 0.


Internal statistics:

num_allocs_failed_limit: 0.
num_arena_births: 142.
num_arena_deaths: 0.
num_vsnodes_births: 2.
num_vsnodes_deaths: 0.
num_space_committed: 54.
num_space_uncommitted: 0.
num_chunks_returned_to_freelist: 0.
num_chunks_taken_from_freelist: 180.
num_chunk_merges: 0.
num_chunk_splits: 119.
num_chunks_enlarged: 67.
num_inconsistent_stats: 0.

CodeHeap 'non-profiled nmethods': size=120000Kb used=316Kb max_used=316Kb free=119683Kb
 bounds [0x0000025fea290000, 0x0000025fea500000, 0x0000025ff17c0000]
CodeHeap 'profiled nmethods': size=120000Kb used=1338Kb max_used=1338Kb free=118661Kb
 bounds [0x0000025fe27c0000, 0x0000025fe2a30000, 0x0000025fe9cf0000]
CodeHeap 'non-nmethods': size=5760Kb used=1186Kb max_used=1206Kb free=4573Kb
 bounds [0x0000025fe9cf0000, 0x0000025fe9f60000, 0x0000025fea290000]
CodeCache: size=245760Kb, used=2840Kb, max_used=2860Kb, free=242917Kb
 total_blobs=1318, nmethods=871, adapters=354, full_count=0
Compilation: enabled, stopped_count=0, restarted_count=0

Compilation events (20 events):
Event: 3.153 Thread 0x0000025fdf5601c0  839       3       sun.invoke.util.VerifyAccess::isClassAccessible (230 bytes)
Event: 3.154 Thread 0x0000025fdf5601c0 nmethod 839 0x0000025fe2900890 code [0x0000025fe2900ba0, 0x0000025fe2901990]
Event: 3.154 Thread 0x0000025fdf5601c0  840       1       java.lang.invoke.MethodType::rtype (5 bytes)
Event: 3.155 Thread 0x0000025fdf5601c0 nmethod 840 0x0000025fea2dd390 code [0x0000025fea2dd520, 0x0000025fea2dd5e8]
Event: 3.183 Thread 0x0000025fdf5601c0  843       3       java.lang.Integer::getChars (121 bytes)
Event: 3.184 Thread 0x0000025fdf5601c0 nmethod 843 0x0000025fe2901d90 code [0x0000025fe2901f60, 0x0000025fe2902388]
Event: 3.184 Thread 0x0000025fdf5601c0  844       3       java.lang.StringConcatHelper::checkOverflow (17 bytes)
Event: 3.184 Thread 0x0000025fdf5601c0 nmethod 844 0x0000025fe2902610 code [0x0000025fe29027c0, 0x0000025fe2902988]
Event: 3.184 Thread 0x0000025fdf5601c0  847       3       java.lang.StringConcatHelper::prepend (37 bytes)
Event: 3.184 Thread 0x0000025fdf5601c0 nmethod 847 0x0000025fe2902a90 code [0x0000025fe2902c60, 0x0000025fe2902f20]
Event: 3.184 Thread 0x0000025fdf5601c0  845       3       java.lang.StringConcatHelper::stringOf (20 bytes)
Event: 3.185 Thread 0x0000025fdf5601c0 nmethod 845 0x0000025fe2903090 code [0x0000025fe2903240, 0x0000025fe2903470]
Event: 3.185 Thread 0x0000025fdf5601c0  846       3       java.lang.StringConcatHelper::mix (27 bytes)
Event: 3.185 Thread 0x0000025fdf5601c0 nmethod 846 0x0000025fe2903510 code [0x0000025fe29036e0, 0x0000025fe2903ac0]
Event: 3.188 Thread 0x0000025fdf5601c0  849       3       jdk.internal.misc.Unsafe::getIntUnaligned (12 bytes)
Event: 3.188 Thread 0x0000025fdf5601c0 nmethod 849 0x0000025fe2903c90 code [0x0000025fe2903e40, 0x0000025fe2904098]
Event: 3.191 Thread 0x0000025fdf5601c0  853       3       jdk.internal.org.objectweb.asm.SymbolTable$Entry::<init> (18 bytes)
Event: 3.192 Thread 0x0000025fdf5601c0 nmethod 853 0x0000025fe2904190 code [0x0000025fe2904340, 0x0000025fe29044b8]
Event: 3.192 Thread 0x0000025fdf5601c0  854       3       jdk.internal.org.objectweb.asm.Type::<init> (26 bytes)
Event: 3.192 Thread 0x0000025fdf5601c0 nmethod 854 0x0000025fe2904590 code [0x0000025fe2904740, 0x0000025fe29048d0]

GC Heap History (0 events):
No events

Dll operation events (8 events):
Event: 1.231 Loaded shared library c:\Users\Richard jay\.vscode\extensions\redhat.java-1.54.0-win32-x64\jre\21.0.10-win32-x86_64\bin\java.dll
Event: 1.690 Loaded shared library c:\Users\Richard jay\.vscode\extensions\redhat.java-1.54.0-win32-x64\jre\21.0.10-win32-x86_64\bin\zip.dll
Event: 1.748 Loaded shared library C:\Users\Richard jay\.vscode\extensions\redhat.java-1.54.0-win32-x64\jre\21.0.10-win32-x86_64\bin\instrument.dll
Event: 1.761 Loaded shared library C:\Users\Richard jay\.vscode\extensions\redhat.java-1.54.0-win32-x64\jre\21.0.10-win32-x86_64\bin\net.dll
Event: 1.766 Loaded shared library C:\Users\Richard jay\.vscode\extensions\redhat.java-1.54.0-win32-x64\jre\21.0.10-win32-x86_64\bin\nio.dll
Event: 1.782 Loaded shared library C:\Users\Richard jay\.vscode\extensions\redhat.java-1.54.0-win32-x64\jre\21.0.10-win32-x86_64\bin\zip.dll
Event: 1.834 Loaded shared library C:\Users\Richard jay\.vscode\extensions\redhat.java-1.54.0-win32-x64\jre\21.0.10-win32-x86_64\bin\jimage.dll
Event: 2.316 Loaded shared library c:\Users\Richard jay\.vscode\extensions\redhat.java-1.54.0-win32-x64\jre\21.0.10-win32-x86_64\bin\verify.dll

Deoptimization events (20 events):
Event: 2.816 Thread 0x0000025fdf5aeda0 DEOPT PACKING pc=0x0000025fea2b39e0 sp=0x0000008250ffd0d0
Event: 2.816 Thread 0x0000025fdf5aeda0 DEOPT UNPACKING pc=0x0000025fe9d43aa2 sp=0x0000008250ffd038 mode 2
Event: 2.939 Thread 0x0000025fdf5aeda0 Uncommon trap: trap_request=0xffffff45 fr.pc=0x0000025fea2b21cc relative=0x00000000000001ac
Event: 2.939 Thread 0x0000025fdf5aeda0 Uncommon trap: reason=unstable_if action=reinterpret pc=0x0000025fea2b21cc method=java.lang.StringUTF16.compress([CI[BII)I @ 20 c2
Event: 2.939 Thread 0x0000025fdf5aeda0 DEOPT PACKING pc=0x0000025fea2b21cc sp=0x0000008250ffbd60
Event: 2.940 Thread 0x0000025fdf5aeda0 DEOPT UNPACKING pc=0x0000025fe9d43aa2 sp=0x0000008250ffbcd0 mode 2
Event: 3.118 Thread 0x0000025fdf5aeda0 Uncommon trap: trap_request=0xffffff45 fr.pc=0x0000025fea2d5aac relative=0x000000000000008c
Event: 3.118 Thread 0x0000025fdf5aeda0 Uncommon trap: reason=unstable_if action=reinterpret pc=0x0000025fea2d5aac method=jdk.internal.misc.Unsafe.convEndian(ZI)I @ 4 c2
Event: 3.118 Thread 0x0000025fdf5aeda0 DEOPT PACKING pc=0x0000025fea2d5aac sp=0x0000008250ffdc90
Event: 3.118 Thread 0x0000025fdf5aeda0 DEOPT UNPACKING pc=0x0000025fe9d43aa2 sp=0x0000008250ffdbc0 mode 2
Event: 3.139 Thread 0x0000025fdf5aeda0 Uncommon trap: trap_request=0xffffff45 fr.pc=0x0000025fea2c4a08 relative=0x0000000000000628
Event: 3.139 Thread 0x0000025fdf5aeda0 Uncommon trap: reason=unstable_if action=reinterpret pc=0x0000025fea2c4a08 method=java.lang.AbstractStringBuilder.append(Ljava/lang/String;)Ljava/lang/AbstractStringBuilder; @ 1 c2
Event: 3.139 Thread 0x0000025fdf5aeda0 DEOPT PACKING pc=0x0000025fea2c4a08 sp=0x0000008250ffdff0
Event: 3.140 Thread 0x0000025fdf5aeda0 DEOPT UNPACKING pc=0x0000025fe9d43aa2 sp=0x0000008250ffdf80 mode 2
Event: 3.140 Thread 0x0000025fdf5aeda0 Uncommon trap: trap_request=0xffffff45 fr.pc=0x0000025fea2c5f74 relative=0x0000000000000614
Event: 3.140 Thread 0x0000025fdf5aeda0 Uncommon trap: reason=unstable_if action=reinterpret pc=0x0000025fea2c5f74 method=java.lang.AbstractStringBuilder.append(Ljava/lang/String;)Ljava/lang/AbstractStringBuilder; @ 1 c2
Event: 3.140 Thread 0x0000025fdf5aeda0 DEOPT PACKING pc=0x0000025fea2c5f74 sp=0x0000008250ffdfa0
Event: 3.140 Thread 0x0000025fdf5aeda0 DEOPT UNPACKING pc=0x0000025fe9d43aa2 sp=0x0000008250ffdf88 mode 2
Event: 3.189 Thread 0x0000025fdf5aeda0 DEOPT PACKING pc=0x0000025fe28da07b sp=0x0000008250ffd4d0
Event: 3.189 Thread 0x0000025fdf5aeda0 DEOPT UNPACKING pc=0x0000025fe9d44242 sp=0x0000008250ffc948 mode 0

Classes loaded (20 events):
Event: 3.117 Loading class sun/net/www/MimeTable$DefaultInstanceHolder$1
Event: 3.117 Loading class sun/net/www/MimeTable$DefaultInstanceHolder$1 done
Event: 3.139 Loading class sun/net/www/MimeEntry
Event: 3.139 Loading class sun/net/www/MimeEntry done
Event: 3.148 Loading class java/util/regex/Pattern$1MatcherIterator
Event: 3.148 Loading class java/util/regex/Pattern$1MatcherIterator done
Event: 3.155 Loading class java/util/ImmutableCollections$Access
Event: 3.156 Loading class java/util/ImmutableCollections$Access done
Event: 3.156 Loading class java/util/ImmutableCollections$Access$1
Event: 3.156 Loading class jdk/internal/access/JavaUtilCollectionAccess
Event: 3.156 Loading class jdk/internal/access/JavaUtilCollectionAccess done
Event: 3.156 Loading class java/util/ImmutableCollections$Access$1 done
Event: 3.167 Loading class java/util/stream/Nodes$SpinedNodeBuilder
Event: 3.168 Loading class java/util/stream/SpinedBuffer
Event: 3.170 Loading class java/util/stream/AbstractSpinedBuffer
Event: 3.171 Loading class java/util/stream/AbstractSpinedBuffer done
Event: 3.171 Loading class java/util/stream/SpinedBuffer done
Event: 3.171 Loading class java/util/stream/Nodes$SpinedNodeBuilder done
Event: 3.185 Loading class java/lang/invoke/DirectMethodHandle$Special
Event: 3.185 Loading class java/lang/invoke/DirectMethodHandle$Special done

Classes unloaded (0 events):
No events

Classes redefined (0 events):
No events

Internal exceptions (20 events):
Event: 2.008 Thread 0x0000025fdf5aeda0 Exception <a 'java/lang/NoSuchMethodError'{0x00000000d59e0c60}: 'java.lang.Object java.lang.invoke.DirectMethodHandle$Holder.invokeStatic(java.lang.Object, java.lang.Object, java.lang.Object, java.lang.Object, int)'> (0x00000000d59e0c60) 
thrown [s\src\hotspot\share\interpreter\linkResolver.cpp, line 773]
Event: 2.023 Thread 0x0000025fdf5aeda0 Exception <a 'java/lang/NoSuchMethodError'{0x00000000d59ec0a0}: 'void java.lang.invoke.DelegatingMethodHandle$Holder.reinvoke_L(java.lang.Object, java.lang.Object, java.lang.Object, int, java.lang.Object)'> (0x00000000d59ec0a0) 
thrown [s\src\hotspot\share\interpreter\linkResolver.cpp, line 773]
Event: 2.024 Thread 0x0000025fdf5aeda0 Exception <a 'java/lang/NoSuchMethodError'{0x00000000d59efad8}: 'int java.lang.invoke.DirectMethodHandle$Holder.invokeSpecial(java.lang.Object, java.lang.Object, java.lang.Object)'> (0x00000000d59efad8) 
thrown [s\src\hotspot\share\interpreter\linkResolver.cpp, line 773]
Event: 2.034 Thread 0x0000025fdf5aeda0 Exception <a 'java/lang/NoSuchMethodError'{0x00000000d5a087c8}: 'java.lang.Object java.lang.invoke.DirectMethodHandle$Holder.invokeStatic(java.lang.Object, java.lang.Object, int)'> (0x00000000d5a087c8) 
thrown [s\src\hotspot\share\interpreter\linkResolver.cpp, line 773]
Event: 2.036 Thread 0x0000025fdf5aeda0 Exception <a 'java/lang/NoSuchMethodError'{0x00000000d5a0d118}: 'void java.lang.invoke.DirectMethodHandle$Holder.invokeStatic(java.lang.Object, java.lang.Object, int, java.lang.Object)'> (0x00000000d5a0d118) 
thrown [s\src\hotspot\share\interpreter\linkResolver.cpp, line 773]
Event: 2.041 Thread 0x0000025fdf5aeda0 Exception <a 'java/lang/NoSuchMethodError'{0x00000000d5a10ca8}: 'void java.lang.invoke.DirectMethodHandle$Holder.invokeSpecial(java.lang.Object, java.lang.Object, java.lang.Object, int, java.lang.Object)'> (0x00000000d5a10ca8) 
thrown [s\src\hotspot\share\interpreter\linkResolver.cpp, line 773]
Event: 2.042 Thread 0x0000025fdf5aeda0 Exception <a 'java/lang/NoSuchMethodError'{0x00000000d5a14360}: 'void java.lang.invoke.DelegatingMethodHandle$Holder.delegate(java.lang.Object, java.lang.Object, int, java.lang.Object)'> (0x00000000d5a14360) 
thrown [s\src\hotspot\share\interpreter\linkResolver.cpp, line 773]
Event: 2.380 Thread 0x0000025fdf5aeda0 Exception <a 'java/lang/NoSuchMethodError'{0x00000000d5bdfff0}: 'void java.lang.invoke.DelegatingMethodHandle$Holder.reinvoke_L(java.lang.Object, java.lang.Object, java.lang.Object, int)'> (0x00000000d5bdfff0) 
thrown [s\src\hotspot\share\interpreter\linkResolver.cpp, line 773]
Event: 2.774 Thread 0x0000025fdf5aeda0 Exception <a 'java/lang/NoSuchMethodError'{0x00000000d607c1f0}: 'void java.lang.invoke.DirectMethodHandle$Holder.invokeVirtual(java.lang.Object, java.lang.Object)'> (0x00000000d607c1f0) 
thrown [s\src\hotspot\share\interpreter\linkResolver.cpp, line 773]
Event: 3.044 Thread 0x0000025fdf5aeda0 Exception <a 'java/lang/NoSuchMethodError'{0x00000000d645a260}: 'void java.lang.invoke.DirectMethodHandle$Holder.invokeStatic(java.lang.Object, java.lang.Object)'> (0x00000000d645a260) 
thrown [s\src\hotspot\share\interpreter\linkResolver.cpp, line 773]
Event: 3.059 Thread 0x0000025fdf5aeda0 Exception <a 'java/lang/ClassNotFoundException'{0x00000000d6482360}: sun/net/www/protocol/c/Handler> (0x00000000d6482360) 
thrown [s\src\hotspot\share\classfile\systemDictionary.cpp, line 312]
Event: 3.114 Thread 0x0000025fdf5aeda0 Exception <a 'java/io/FileNotFoundException'{0x00000000d64e0008}> (0x00000000d64e0008) 
thrown [s\src\hotspot\share\prims\jni.cpp, line 520]
Event: 3.115 Thread 0x0000025fdf5aeda0 Exception <a 'java/io/FileNotFoundException'{0x00000000d64e1368}> (0x00000000d64e1368) 
thrown [s\src\hotspot\share\prims\jni.cpp, line 520]
Event: 3.115 Thread 0x0000025fdf5aeda0 Exception <a 'java/io/FileNotFoundException'{0x00000000d64e2018}> (0x00000000d64e2018) 
thrown [s\src\hotspot\share\prims\jni.cpp, line 520]
Event: 3.115 Thread 0x0000025fdf5aeda0 Exception <a 'java/io/FileNotFoundException'{0x00000000d64e2b90}> (0x00000000d64e2b90) 
thrown [s\src\hotspot\share\prims\jni.cpp, line 520]
Event: 3.139 Thread 0x0000025fdf5aeda0 Implicit null exception at 0x0000025fea2c4424 to 0x0000025fea2c49f0
Event: 3.140 Thread 0x0000025fdf5aeda0 Implicit null exception at 0x0000025fea2c59a0 to 0x0000025fea2c5f5c
Event: 3.145 Thread 0x0000025fdf5aeda0 Exception <a 'java/io/FileNotFoundException'{0x00000000d651cd70}> (0x00000000d651cd70) 
thrown [s\src\hotspot\share\prims\jni.cpp, line 520]
Event: 3.187 Thread 0x0000025fdf5aeda0 Exception <a 'java/lang/NoSuchMethodError'{0x00000000d6559bb8}: 'java.lang.Object java.lang.invoke.DirectMethodHandle$Holder.invokeInterface(java.lang.Object, java.lang.Object)'> (0x00000000d6559bb8) 
thrown [s\src\hotspot\share\interpreter\linkResolver.cpp, line 773]
Event: 3.192 Thread 0x0000025fdf5aeda0 Exception <a 'java/lang/NoSuchMethodError'{0x00000000d656d668}: 'java.lang.Object java.lang.invoke.Invokers$Holder.invokeExact_MT(java.lang.Object, java.lang.Object, java.lang.Object, java.lang.Object, java.lang.Object, java.lang.Object)'> (0x00000000d656d668) 
thrown [s\src\hotspot\share\interpreter\linkResolver.cpp, line 773]

ZGC Phase Switch (0 events):
No events

VM Operations (8 events):
Event: 1.890 Executing non-safepoint VM operation: HandshakeAllThreads (Deoptimize)
Event: 1.890 Executing non-safepoint VM operation: HandshakeAllThreads (Deoptimize) done
Event: 2.893 Executing safepoint VM operation: Cleanup
Event: 2.893 Executing safepoint VM operation: Cleanup done
Event: 3.001 Executing non-safepoint VM operation: HandshakeAllThreads (Deoptimize)
Event: 3.001 Executing non-safepoint VM operation: HandshakeAllThreads (Deoptimize) done
Event: 3.037 Executing non-safepoint VM operation: HandshakeAllThreads (Deoptimize)
Event: 3.037 Executing non-safepoint VM operation: HandshakeAllThreads (Deoptimize) done

Memory protections (0 events):
No events

Nmethod flushes (0 events):
No events

Events (11 events):
Event: 1.324 Thread 0x0000025fdf5aeda0 Thread added: 0x0000025fdf5aeda0
Event: 1.465 Thread 0x0000025fdf5aeda0 Thread added: 0x0000025fdf51f6c0
Event: 1.465 Thread 0x0000025fdf5aeda0 Thread added: 0x0000025fdf520b70
Event: 1.466 Thread 0x0000025fdf5aeda0 Thread added: 0x0000025fdf527300
Event: 1.466 Thread 0x0000025fdf5aeda0 Thread added: 0x0000025fdf527d60
Event: 1.466 Thread 0x0000025fdf5aeda0 Thread added: 0x0000025fdf5287c0
Event: 1.466 Thread 0x0000025fdf5aeda0 Thread added: 0x0000025fdf529220
Event: 1.466 Thread 0x0000025fdf5aeda0 Thread added: 0x0000025fdf52a060
Event: 1.468 Thread 0x0000025fdf5aeda0 Thread added: 0x0000025fdf5601c0
Event: 1.754 Thread 0x0000025fdf5aeda0 Thread added: 0x0000025ff79f6b20
Event: 2.581 Thread 0x0000025fdf5aeda0 Thread added: 0x0000025ff7a71930


Dynamic libraries:
0x00007ff6f7cd0000 - 0x00007ff6f7cde000 	c:\Users\Richard jay\.vscode\extensions\redhat.java-1.54.0-win32-x64\jre\21.0.10-win32-x86_64\bin\java.exe
0x00007fffc89c0000 - 0x00007fffc8bc7000 	C:\Windows\SYSTEM32\ntdll.dll
0x00007fffc74a0000 - 0x00007fffc755d000 	C:\Windows\System32\KERNEL32.DLL
0x00007fffc6300000 - 0x00007fffc6674000 	C:\Windows\System32\KERNELBASE.dll
0x00007fffc61e0000 - 0x00007fffc62f1000 	C:\Windows\System32\ucrtbase.dll
0x00007fffb00f0000 - 0x00007fffb0108000 	c:\Users\Richard jay\.vscode\extensions\redhat.java-1.54.0-win32-x64\jre\21.0.10-win32-x86_64\bin\jli.dll
0x00007fffc7150000 - 0x00007fffc72fc000 	C:\Windows\System32\USER32.dll
0x00007fffc6820000 - 0x00007fffc6846000 	C:\Windows\System32\win32u.dll
0x00007fffc81a0000 - 0x00007fffc81c9000 	C:\Windows\System32\GDI32.dll
0x00007fffc6680000 - 0x00007fffc6792000 	C:\Windows\System32\gdi32full.dll
0x00007fffc5f60000 - 0x00007fffc5ffd000 	C:\Windows\System32\msvcp_win.dll
0x00007fffac900000 - 0x00007fffacba5000 	C:\Windows\WinSxS\amd64_microsoft.windows.common-controls_6595b64144ccf1df_6.0.22000.120_none_9d947278b86cc467\COMCTL32.dll
0x00007fffc70a0000 - 0x00007fffc7143000 	C:\Windows\System32\msvcrt.dll
0x00007fffb0110000 - 0x00007fffb012e000 	c:\Users\Richard jay\.vscode\extensions\redhat.java-1.54.0-win32-x64\jre\21.0.10-win32-x86_64\bin\VCRUNTIME140.dll
0x00007fffc8010000 - 0x00007fffc8041000 	C:\Windows\System32\IMM32.DLL
0x00007fffb8530000 - 0x00007fffb853c000 	c:\Users\Richard jay\.vscode\extensions\redhat.java-1.54.0-win32-x64\jre\21.0.10-win32-x86_64\bin\vcruntime140_1.dll
0x00007fffafcf0000 - 0x00007fffafd7d000 	c:\Users\Richard jay\.vscode\extensions\redhat.java-1.54.0-win32-x64\jre\21.0.10-win32-x86_64\bin\msvcp140.dll
0x00007ffea5af0000 - 0x00007ffea6891000 	c:\Users\Richard jay\.vscode\extensions\redhat.java-1.54.0-win32-x64\jre\21.0.10-win32-x86_64\bin\server\jvm.dll
0x00007fffc7ac0000 - 0x00007fffc7b6c000 	C:\Windows\System32\ADVAPI32.dll
0x00007fffc7dd0000 - 0x00007fffc7e6d000 	C:\Windows\System32\sechost.dll
0x00007fffc8050000 - 0x00007fffc8171000 	C:\Windows\System32\RPCRT4.dll
0x00007fffc7d30000 - 0x00007fffc7d9f000 	C:\Windows\System32\WS2_32.dll
0x00007fffc5700000 - 0x00007fffc574d000 	C:\Windows\SYSTEM32\POWRPROF.dll
0x00007fffbe960000 - 0x00007fffbe993000 	C:\Windows\SYSTEM32\WINMM.dll
0x00007fffbe3b0000 - 0x00007fffbe3ba000 	C:\Windows\SYSTEM32\VERSION.dll
0x00007fffc56e0000 - 0x00007fffc56f3000 	C:\Windows\SYSTEM32\UMPDC.dll
0x00007fffc4f90000 - 0x00007fffc4fa8000 	C:\Windows\SYSTEM32\kernel.appcore.dll
0x00007fffb4270000 - 0x00007fffb427a000 	c:\Users\Richard jay\.vscode\extensions\redhat.java-1.54.0-win32-x64\jre\21.0.10-win32-x86_64\bin\jimage.dll
0x00007fffc3950000 - 0x00007fffc3b71000 	C:\Windows\SYSTEM32\DBGHELP.DLL
0x00007fff90420000 - 0x00007fff90451000 	C:\Windows\SYSTEM32\dbgcore.DLL
0x00007fffc67a0000 - 0x00007fffc6820000 	C:\Windows\System32\bcryptPrimitives.dll
0x00007fffc2ba0000 - 0x00007fffc2baf000 	c:\Users\Richard jay\.vscode\extensions\redhat.java-1.54.0-win32-x64\jre\21.0.10-win32-x86_64\bin\instrument.dll
0x00007fffafcd0000 - 0x00007fffafcf0000 	c:\Users\Richard jay\.vscode\extensions\redhat.java-1.54.0-win32-x64\jre\21.0.10-win32-x86_64\bin\java.dll
0x00007fffc81d0000 - 0x00007fffc8979000 	C:\Windows\System32\SHELL32.dll
0x00007fffc3eb0000 - 0x00007fffc4712000 	C:\Windows\SYSTEM32\windows.storage.dll
0x00007fffc7650000 - 0x00007fffc79c8000 	C:\Windows\System32\combase.dll
0x00007fffc3d40000 - 0x00007fffc3ea6000 	C:\Windows\SYSTEM32\wintypes.dll
0x00007fffc6d50000 - 0x00007fffc6e3a000 	C:\Windows\System32\SHCORE.dll
0x00007fffc75f0000 - 0x00007fffc764d000 	C:\Windows\System32\shlwapi.dll
0x00007fffc5dd0000 - 0x00007fffc5df1000 	C:\Windows\SYSTEM32\profapi.dll
0x00007fffafcb0000 - 0x00007fffafcc8000 	c:\Users\Richard jay\.vscode\extensions\redhat.java-1.54.0-win32-x64\jre\21.0.10-win32-x86_64\bin\zip.dll
0x00007fffb1bc0000 - 0x00007fffb1bd0000 	C:\Users\Richard jay\.vscode\extensions\redhat.java-1.54.0-win32-x64\jre\21.0.10-win32-x86_64\bin\net.dll
0x00007fffc0cf0000 - 0x00007fffc0dfc000 	C:\Windows\SYSTEM32\WINHTTP.dll
0x00007fffc5400000 - 0x00007fffc5467000 	C:\Windows\system32\mswsock.dll
0x00007fffae650000 - 0x00007fffae666000 	C:\Users\Richard jay\.vscode\extensions\redhat.java-1.54.0-win32-x64\jre\21.0.10-win32-x86_64\bin\nio.dll
0x00007fffc2b90000 - 0x00007fffc2ba0000 	c:\Users\Richard jay\.vscode\extensions\redhat.java-1.54.0-win32-x64\jre\21.0.10-win32-x86_64\bin\verify.dll

JVMTI agents:
c:\Users\Richard jay\.vscode\extensions\redhat.java-1.54.0-win32-x64\lombok\lombok-1.18.39-4050.jar path:c:\Users\Richard jay\.vscode\extensions\redhat.java-1.54.0-win32-x64\jre\21.0.10-win32-x86_64\bin\instrument.dll, loaded, initialized, instrumentlib options:none

dbghelp: loaded successfully - version: 4.0.5 - missing functions: none
symbol engine: initialized successfully - sym options: 0x614 - pdb path: .;c:\Users\Richard jay\.vscode\extensions\redhat.java-1.54.0-win32-x64\jre\21.0.10-win32-x86_64\bin;C:\Windows\SYSTEM32;C:\Windows\WinSxS\amd64_microsoft.windows.common-controls_6595b64144ccf1df_6.0.22000.120_none_9d947278b86cc467;c:\Users\Richard jay\.vscode\extensions\redhat.java-1.54.0-win32-x64\jre\21.0.10-win32-x86_64\bin\server

VM Arguments:
jvm_args: --add-modules=ALL-SYSTEM --add-opens=java.base/java.util=ALL-UNNAMED --add-opens=java.base/java.lang=ALL-UNNAMED --add-opens=java.base/sun.nio.fs=ALL-UNNAMED -Declipse.application=org.eclipse.jdt.ls.core.id1 -Dosgi.bundles.defaultStartLevel=4 -Declipse.product=org.eclipse.jdt.ls.core.product -Djava.import.generatesMetadataFilesAtProjectRoot=false -DDetectVMInstallationsJob.disabled=true -Dfile.encoding=utf8 -XX:+UseParallelGC -XX:GCTimeRatio=4 -XX:AdaptiveSizePolicyWeight=90 -Dsun.zip.disableMemoryMapping=true -Xmx2G -Xms100m -Xlog:disable -javaagent:c:\Users\Richard jay\.vscode\extensions\redhat.java-1.54.0-win32-x64\lombok\lombok-1.18.39-4050.jar 
java_command: c:\Users\Richard jay\.vscode\extensions\redhat.java-1.54.0-win32-x64\server\plugins\org.eclipse.equinox.launcher_1.7.100.v20251111-0406.jar -configuration c:\Users\Richard jay\AppData\Roaming\Code\User\globalStorage\redhat.java\1.54.0\config_ss_win -data c:\Users\Richard jay\AppData\Roaming\Code\User\workspaceStorage\28c40d424b964ce3c77939217bf405db\redhat.java\ss_ws --pipe=\\.\pipe\lsp-31c60cbfe9167060a982001fd6d04ec2-sock
java_class_path (initial): c:\Users\Richard jay\.vscode\extensions\redhat.java-1.54.0-win32-x64\server\plugins\org.eclipse.equinox.launcher_1.7.100.v20251111-0406.jar
Launcher Type: SUN_STANDARD

[Global flags]
    uintx AdaptiveSizePolicyWeight                 = 90                                        {product} {command line}
     intx CICompilerCount                          = 4                                         {product} {ergonomic}
    uintx GCTimeRatio                              = 4                                         {product} {command line}
   size_t InitialHeapSize                          = 104857600                                 {product} {command line}
   size_t MaxHeapSize                              = 2147483648                                {product} {command line}
   size_t MaxNewSize                               = 715653120                                 {product} {ergonomic}
   size_t MinHeapDeltaBytes                        = 524288                                    {product} {ergonomic}
   size_t MinHeapSize                              = 104857600                                 {product} {command line}
   size_t NewSize                                  = 34603008                                  {product} {ergonomic}
    uintx NonNMethodCodeHeapSize                   = 5839372                                {pd product} {ergonomic}
    uintx NonProfiledCodeHeapSize                  = 122909434                              {pd product} {ergonomic}
   size_t OldSize                                  = 70254592                                  {product} {ergonomic}
    uintx ProfiledCodeHeapSize                     = 122909434                              {pd product} {ergonomic}
    uintx ReservedCodeCacheSize                    = 251658240                              {pd product} {ergonomic}
     bool SegmentedCodeCache                       = true                                      {product} {ergonomic}
   size_t SoftMaxHeapSize                          = 2147483648                             {manageable} {ergonomic}
     bool UseCompressedOops                        = true                           {product lp64_product} {ergonomic}
     bool UseLargePagesIndividualAllocation        = false                                  {pd product} {ergonomic}
     bool UseParallelGC                            = true                                      {product} {command line}

Logging:
Log output configuration:
 #0: stdout all=off uptime,level,tags foldmultilines=false
 #1: stderr all=off uptime,level,tags foldmultilines=false

Release file:
JAVA_VERSION="21.0.10" 
MODULES="java.base java.compiler java.datatransfer java.xml java.prefs java.desktop java.instrument java.logging java.management java.security.sasl java.naming java.rmi java.management.rmi java.net.http java.scripting java.security.jgss java.transaction.xa java.sql java.sql.rowset java.xml.crypto java.se java.smartcardio jdk.accessibility jdk.internal.jvmstat jdk.attach jdk.charsets jdk.internal.opt jdk.zipfs jdk.compiler jdk.crypto.ec jdk.crypto.cryptoki jdk.crypto.mscapi jdk.dynalink jdk.internal.ed jdk.editpad jdk.hotspot.agent jdk.httpserver jdk.internal.le jdk.internal.vm.ci jdk.internal.vm.compiler jdk.internal.vm.compiler.management jdk.jartool jdk.javadoc jdk.jcmd jdk.management jdk.management.agent jdk.jconsole jdk.jdeps jdk.jdwp.agent jdk.jdi jdk.jfr jdk.jshell jdk.jsobject jdk.jstatd jdk.localedata jdk.management.jfr jdk.naming.dns jdk.naming.rmi jdk.net jdk.nio.mapmode jdk.random jdk.sctp jdk.security.auth jdk.security.jgss jdk.unsupported jdk.unsupported.desktop jdk.xml.dom" 

Environment Variables:
JAVA_HOME=C:\Program Files\Java\jdk-25\bin
PATH=C:\Users\Richard jay\AppData\Local\Programs\Microsoft VS Code;C:\Python314\Scripts\;C:\Python314\;C:\Program Files\Common Files\Oracle\Java\javapath;C:\Program Files (x86)\Common Files\Oracle\Java\java8path;C:\Program Files (x86)\Common Files\Oracle\Java\javapath;C:\Windows\system32;C:\Windows;C:\Windows\System32\Wbem;C:\Windows\System32\WindowsPowerShell\v1.0\;C:\Windows\System32\OpenSSH\;C:\Program Files\dotnet\;C:\Program Files\Java\jdk-25\bin;C:\Program Files\PuTTY\;C:\Program Files\cursor\resources\app\bin;C:\SFML-3.0.0\bin;C:\Program Files\nodejs\;C:\ProgramData\chocolatey\bin;C:\Program Files\MATLAB\R2025b\bin;C:\Program Files\MySQL\MySQL Server 8.0\bin;C:\Program Files\Git\cmd;C:\Program Files\Git\mingw64\bin;C:\Program Files\Git\usr\bin;C:\Users\Richard jay\AppData\Local\Pub\Cache\bin;C:\Program Files\MySQL\MySQL Shell 8.0\bin\;C:\Users\Richard jay\AppData\Local\Microsoft\WindowsApps;C:\Users\Richard jay\AppData\Local\Programs\Microsoft VS Code\bin;C:\MinGW\bin;C:\Program Files\JetBrains\IntelliJ IDEA 2024.3.5\bin;C:\Program Files\JetBrains\WebStorm 2024.1\bin;C:\Users\Richard jay\AppData\Local\GitHubDesktop\bin;C:\Users\Richard jay\AppData\Roaming\npm;C:\Program Files (x86)\Nmap;C:\flutter\src\flutter\bin;C:\Users\Richard jay\AppData\Local\Pub\Cache\bin;
USERNAME=Richard jay
OS=Windows_NT
PROCESSOR_IDENTIFIER=Intel64 Family 6 Model 142 Stepping 12, GenuineIntel
TMP=C:\Users\RICHAR~1\AppData\Local\Temp
TEMP=C:\Users\RICHAR~1\AppData\Local\Temp




Periodic native trim disabled

---------------  S Y S T E M  ---------------

OS:
 Windows 11 , 64 bit Build 22000 (10.0.22000.120)
OS uptime: 5 days 17:58 hours
Hyper-V role detected

CPU: total 8 (initial active 8) (4 cores per cpu, 2 threads per core) family 6 model 142 stepping 12 microcode 0x100, cx8, cmov, fxsr, ht, mmx, 3dnowpref, sse, sse2, sse3, ssse3, sse4.1, sse4.2, popcnt, lzcnt, tsc, tscinvbit, avx, avx2, aes, erms, clmul, bmi1, bmi2, adx, fma, vzeroupper, clflush, clflushopt, hv, rdtscp, f16c
Processor Information for the first 8 processors :
  Max Mhz: 1800, Current Mhz: 1600, Mhz Limit: 1584

Memory: 4k page, system-wide physical 8006M (29M free)
TotalPageFile size 32582M (AvailPageFile size 3M)
current process WorkingSet (physical memory assigned to process): 61M, peak: 61M
current process commit charge ("private bytes"): 230M, peak: 230M

vm_info: OpenJDK 64-Bit Server VM (21.0.10+7-LTS) for windows-amd64 JRE (21.0.10+7-LTS), built on 2026-01-20T00:00:00Z by "admin" with MS VC++ 17.12 (VS2022)

END.
